<html>
<body>
<pre>
<h1>µVision Build Log</h1>
<h2>Tool Versions:</h2>
IDE-Version: ¦ÌVision V5.29.0.0
Copyright (C) 2019 ARM Ltd and ARM Germany GmbH. All rights reserved.
License Information: Mrain Mrain, Mrain, LIC=DSN01-C3I3U-BXAUY-I5TCA-9LM28-E7CFU
 
Tool Versions:
Toolchain:       MDK-ARM Professional  Version: 5.29.0.0
Toolchain Path:  C:\Keil\ARM\ARMCC\Bin
C Compiler:      Armcc.exe V5.06 update 6 (build 750)
Assembler:       Armasm.exe V5.06 update 6 (build 750)
Linker/Locator:  ArmLink.exe V5.06 update 6 (build 750)
Library Manager: ArmAr.exe V5.06 update 6 (build 750)
Hex Converter:   FromElf.exe V5.06 update 6 (build 750)
CPU DLL:         SARMCM3.DLL V5.29.0.0
Dialog DLL:      DCM.DLL V1.17.3.0
Target DLL:      STLink\ST-LINKIII-KEIL_SWO.dll V3.0.7.0
Dialog DLL:      TCM.DLL V1.36.5.0
 
<h2>Project:</h2>
C:\Users\Mrain\Desktop\6050self\MDK-ARM\6_IIC_MPU6050.uvprojx
Project File Date:  06/11/2020

<h2>Output:</h2>
*** Using Compiler 'V5.06 update 6 (build 750)', folder: 'C:\Keil\ARM\ARMCC\Bin'
Build target '6_IIC_MPU6050'
compiling 1.c...
..\wifi\my_func.h(23): warning:  #1295-D: Deprecated declaration wifi_init - give arg types
  int wifi_init();
..\wifi\my_func.h(25): warning:  #1295-D: Deprecated declaration clear_buf - give arg types
  void clear_buf();
..\wifi\my_func.h(27): warning:  #1295-D: Deprecated declaration server_str - give arg types
  uint8_t server_str();
..\wifi\my_func.h(28): warning:  #1295-D: Deprecated declaration wifi_str - give arg types
  uint8_t wifi_str();
..\wifi\1.c(48): warning:  #177-D: variable "len"  was declared but never referenced
  	int i=0,len=0;
..\wifi\1.c: 5 warnings, 0 errors
linking...
Program Size: Code=13060 RO-data=452 RW-data=144 ZI-data=9640  
FromELF: creating hex file...
"6_IIC_MPU6050\6_IIC_MPU6050.axf" - 0 Error(s), 5 Warning(s).

<h2>Software Packages used:</h2>

Package Vendor: ARM
                http://www.keil.com/pack/ARM.CMSIS.5.6.0.pack
                ARM.CMSIS.5.6.0
                CMSIS (Cortex Microcontroller Software Interface Standard)
   * Component: CORE Version: 5.3.0

Package Vendor: Keil
                http://www.keil.com/pack/Keil.STM32F1xx_DFP.2.3.0.pack
                Keil.STM32F1xx_DFP.2.3.0
                STMicroelectronics STM32F1 Series Device Support, Drivers and Examples

<h2>Collection of Component include folders:</h2>
  .\RTE\_6_IIC_MPU6050
  C:\Keil\pack\ARM\CMSIS\5.6.0\CMSIS\Core\Include
  C:\Keil\pack\Keil\STM32F1xx_DFP\2.3.0\Device\Include

<h2>Collection of Component Files used:</h2>

   * Component: ARM::CMSIS:CORE:5.3.0
Build Time Elapsed:  00:00:03
</pre>
</body>
</html>
